// Jest Snapshot v1, https://goo.gl/fbAQLP

exports[`<AppRouter /> testing should show a blank div 1`] = `<div />`;

exports[`<AppRouter /> testing should show the private route 1`] = `
<div>
  <div
    className="calendar__wrapper"
  >
    <header
      className="MuiPaper-root MuiAppBar-root MuiAppBar-positionStatic MuiAppBar-colorPrimary navbar__wrap MuiPaper-elevation4"
    >
      <div
        className="MuiToolbar-root MuiToolbar-regular navbar MuiToolbar-gutters"
      >
        <div>
          <span
            className="navbar__title"
          >
            Calendar App
          </span>
          <span
            className="navbar__username"
          >
            Hola, 
          </span>
        </div>
        <button
          className="MuiButtonBase-root MuiButton-root MuiButton-text"
          disabled={false}
          onBlur={[Function]}
          onClick={[Function]}
          onDragLeave={[Function]}
          onFocus={[Function]}
          onKeyDown={[Function]}
          onKeyUp={[Function]}
          onMouseDown={[Function]}
          onMouseLeave={[Function]}
          onMouseUp={[Function]}
          onTouchEnd={[Function]}
          onTouchMove={[Function]}
          onTouchStart={[Function]}
          tabIndex={0}
          type="button"
        >
          <span
            className="MuiButton-label"
          >
            <span
              aria-hidden={true}
              className="material-icons MuiIcon-root"
            >
              lock
            </span>
            <span>
              Cerrar sesión
            </span>
          </span>
          <span
            className="MuiTouchRipple-root"
          />
        </button>
      </div>
    </header>
    <div>
      <div
        className="rbc-calendar"
      >
        <div
          className="rbc-toolbar"
        >
          <span
            className="rbc-btn-group"
          >
            <button
              onClick={[Function]}
              type="button"
            >
              Hoy
            </button>
            <button
              onClick={[Function]}
              type="button"
            >
              &lt;
            </button>
            <button
              onClick={[Function]}
              type="button"
            >
              &gt;
            </button>
          </span>
          <span
            className="rbc-toolbar-label"
          >
            octubre 2020
          </span>
          <span
            className="rbc-btn-group"
          >
            <button
              className="rbc-active"
              key="month"
              onClick={[Function]}
              type="button"
            >
              Mes
            </button>
            <button
              className=""
              key="week"
              onClick={[Function]}
              type="button"
            >
              Semana
            </button>
            <button
              className=""
              key="day"
              onClick={[Function]}
              type="button"
            >
              Día
            </button>
            <button
              className=""
              key="agenda"
              onClick={[Function]}
              type="button"
            >
              Agenda
            </button>
          </span>
        </div>
        <div
          className="rbc-month-view"
        >
          <div
            className="rbc-row rbc-month-header"
          >
            <div
              className="rbc-header"
              key="header_0"
            >
              <span>
                dom.
              </span>
            </div>
            <div
              className="rbc-header"
              key="header_1"
            >
              <span>
                lun.
              </span>
            </div>
            <div
              className="rbc-header"
              key="header_2"
            >
              <span>
                mar.
              </span>
            </div>
            <div
              className="rbc-header"
              key="header_3"
            >
              <span>
                mié.
              </span>
            </div>
            <div
              className="rbc-header"
              key="header_4"
            >
              <span>
                jue.
              </span>
            </div>
            <div
              className="rbc-header"
              key="header_5"
            >
              <span>
                vie.
              </span>
            </div>
            <div
              className="rbc-header"
              key="header_6"
            >
              <span>
                sáb.
              </span>
            </div>
          </div>
          <div
            className="rbc-month-row"
          >
            <div
              className="rbc-row-bg"
            >
              <div
                className="rbc-day-bg rbc-off-range-bg"
              />
              <div
                className="rbc-day-bg rbc-off-range-bg"
              />
              <div
                className="rbc-day-bg rbc-off-range-bg"
              />
              <div
                className="rbc-day-bg rbc-off-range-bg"
              />
              <div
                className="rbc-day-bg"
              />
              <div
                className="rbc-day-bg"
              />
              <div
                className="rbc-day-bg"
              />
            </div>
            <div
              className="rbc-row-content"
            >
              <div
                className="rbc-row "
              >
                <div
                  className="rbc-date-cell rbc-off-range"
                  key="header_0"
                >
                  <a
                    href="#"
                    onClick={[Function]}
                  >
                    27
                  </a>
                </div>
                <div
                  className="rbc-date-cell rbc-off-range"
                  key="header_1"
                >
                  <a
                    href="#"
                    onClick={[Function]}
                  >
                    28
                  </a>
                </div>
                <div
                  className="rbc-date-cell rbc-off-range"
                  key="header_2"
                >
                  <a
                    href="#"
                    onClick={[Function]}
                  >
                    29
                  </a>
                </div>
                <div
                  className="rbc-date-cell rbc-off-range"
                  key="header_3"
                >
                  <a
                    href="#"
                    onClick={[Function]}
                  >
                    30
                  </a>
                </div>
                <div
                  className="rbc-date-cell"
                  key="header_4"
                >
                  <a
                    href="#"
                    onClick={[Function]}
                  >
                    01
                  </a>
                </div>
                <div
                  className="rbc-date-cell"
                  key="header_5"
                >
                  <a
                    href="#"
                    onClick={[Function]}
                  >
                    02
                  </a>
                </div>
                <div
                  className="rbc-date-cell"
                  key="header_6"
                >
                  <a
                    href="#"
                    onClick={[Function]}
                  >
                    03
                  </a>
                </div>
              </div>
            </div>
          </div>
          <div
            className="rbc-month-row"
          >
            <div
              className="rbc-row-bg"
            >
              <div
                className="rbc-day-bg"
              />
              <div
                className="rbc-day-bg"
              />
              <div
                className="rbc-day-bg"
              />
              <div
                className="rbc-day-bg"
              />
              <div
                className="rbc-day-bg"
              />
              <div
                className="rbc-day-bg rbc-today"
              />
              <div
                className="rbc-day-bg"
              />
            </div>
            <div
              className="rbc-row-content"
            >
              <div
                className="rbc-row "
              >
                <div
                  className="rbc-date-cell"
                  key="header_0"
                >
                  <a
                    href="#"
                    onClick={[Function]}
                  >
                    04
                  </a>
                </div>
                <div
                  className="rbc-date-cell"
                  key="header_1"
                >
                  <a
                    href="#"
                    onClick={[Function]}
                  >
                    05
                  </a>
                </div>
                <div
                  className="rbc-date-cell"
                  key="header_2"
                >
                  <a
                    href="#"
                    onClick={[Function]}
                  >
                    06
                  </a>
                </div>
                <div
                  className="rbc-date-cell"
                  key="header_3"
                >
                  <a
                    href="#"
                    onClick={[Function]}
                  >
                    07
                  </a>
                </div>
                <div
                  className="rbc-date-cell"
                  key="header_4"
                >
                  <a
                    href="#"
                    onClick={[Function]}
                  >
                    08
                  </a>
                </div>
                <div
                  className="rbc-date-cell rbc-now rbc-current"
                  key="header_5"
                >
                  <a
                    href="#"
                    onClick={[Function]}
                  >
                    09
                  </a>
                </div>
                <div
                  className="rbc-date-cell"
                  key="header_6"
                >
                  <a
                    href="#"
                    onClick={[Function]}
                  >
                    10
                  </a>
                </div>
              </div>
            </div>
          </div>
          <div
            className="rbc-month-row"
          >
            <div
              className="rbc-row-bg"
            >
              <div
                className="rbc-day-bg"
              />
              <div
                className="rbc-day-bg"
              />
              <div
                className="rbc-day-bg"
              />
              <div
                className="rbc-day-bg"
              />
              <div
                className="rbc-day-bg"
              />
              <div
                className="rbc-day-bg"
              />
              <div
                className="rbc-day-bg"
              />
            </div>
            <div
              className="rbc-row-content"
            >
              <div
                className="rbc-row "
              >
                <div
                  className="rbc-date-cell"
                  key="header_0"
                >
                  <a
                    href="#"
                    onClick={[Function]}
                  >
                    11
                  </a>
                </div>
                <div
                  className="rbc-date-cell"
                  key="header_1"
                >
                  <a
                    href="#"
                    onClick={[Function]}
                  >
                    12
                  </a>
                </div>
                <div
                  className="rbc-date-cell"
                  key="header_2"
                >
                  <a
                    href="#"
                    onClick={[Function]}
                  >
                    13
                  </a>
                </div>
                <div
                  className="rbc-date-cell"
                  key="header_3"
                >
                  <a
                    href="#"
                    onClick={[Function]}
                  >
                    14
                  </a>
                </div>
                <div
                  className="rbc-date-cell"
                  key="header_4"
                >
                  <a
                    href="#"
                    onClick={[Function]}
                  >
                    15
                  </a>
                </div>
                <div
                  className="rbc-date-cell"
                  key="header_5"
                >
                  <a
                    href="#"
                    onClick={[Function]}
                  >
                    16
                  </a>
                </div>
                <div
                  className="rbc-date-cell"
                  key="header_6"
                >
                  <a
                    href="#"
                    onClick={[Function]}
                  >
                    17
                  </a>
                </div>
              </div>
            </div>
          </div>
          <div
            className="rbc-month-row"
          >
            <div
              className="rbc-row-bg"
            >
              <div
                className="rbc-day-bg"
              />
              <div
                className="rbc-day-bg"
              />
              <div
                className="rbc-day-bg"
              />
              <div
                className="rbc-day-bg"
              />
              <div
                className="rbc-day-bg"
              />
              <div
                className="rbc-day-bg"
              />
              <div
                className="rbc-day-bg"
              />
            </div>
            <div
              className="rbc-row-content"
            >
              <div
                className="rbc-row "
              >
                <div
                  className="rbc-date-cell"
                  key="header_0"
                >
                  <a
                    href="#"
                    onClick={[Function]}
                  >
                    18
                  </a>
                </div>
                <div
                  className="rbc-date-cell"
                  key="header_1"
                >
                  <a
                    href="#"
                    onClick={[Function]}
                  >
                    19
                  </a>
                </div>
                <div
                  className="rbc-date-cell"
                  key="header_2"
                >
                  <a
                    href="#"
                    onClick={[Function]}
                  >
                    20
                  </a>
                </div>
                <div
                  className="rbc-date-cell"
                  key="header_3"
                >
                  <a
                    href="#"
                    onClick={[Function]}
                  >
                    21
                  </a>
                </div>
                <div
                  className="rbc-date-cell"
                  key="header_4"
                >
                  <a
                    href="#"
                    onClick={[Function]}
                  >
                    22
                  </a>
                </div>
                <div
                  className="rbc-date-cell"
                  key="header_5"
                >
                  <a
                    href="#"
                    onClick={[Function]}
                  >
                    23
                  </a>
                </div>
                <div
                  className="rbc-date-cell"
                  key="header_6"
                >
                  <a
                    href="#"
                    onClick={[Function]}
                  >
                    24
                  </a>
                </div>
              </div>
            </div>
          </div>
          <div
            className="rbc-month-row"
          >
            <div
              className="rbc-row-bg"
            >
              <div
                className="rbc-day-bg"
              />
              <div
                className="rbc-day-bg"
              />
              <div
                className="rbc-day-bg"
              />
              <div
                className="rbc-day-bg"
              />
              <div
                className="rbc-day-bg"
              />
              <div
                className="rbc-day-bg"
              />
              <div
                className="rbc-day-bg"
              />
            </div>
            <div
              className="rbc-row-content"
            >
              <div
                className="rbc-row "
              >
                <div
                  className="rbc-date-cell"
                  key="header_0"
                >
                  <a
                    href="#"
                    onClick={[Function]}
                  >
                    25
                  </a>
                </div>
                <div
                  className="rbc-date-cell"
                  key="header_1"
                >
                  <a
                    href="#"
                    onClick={[Function]}
                  >
                    26
                  </a>
                </div>
                <div
                  className="rbc-date-cell"
                  key="header_2"
                >
                  <a
                    href="#"
                    onClick={[Function]}
                  >
                    27
                  </a>
                </div>
                <div
                  className="rbc-date-cell"
                  key="header_3"
                >
                  <a
                    href="#"
                    onClick={[Function]}
                  >
                    28
                  </a>
                </div>
                <div
                  className="rbc-date-cell"
                  key="header_4"
                >
                  <a
                    href="#"
                    onClick={[Function]}
                  >
                    29
                  </a>
                </div>
                <div
                  className="rbc-date-cell"
                  key="header_5"
                >
                  <a
                    href="#"
                    onClick={[Function]}
                  >
                    30
                  </a>
                </div>
                <div
                  className="rbc-date-cell"
                  key="header_6"
                >
                  <a
                    href="#"
                    onClick={[Function]}
                  >
                    31
                  </a>
                </div>
              </div>
            </div>
          </div>
        </div>
      </div>
    </div>
    <Portal
      containerInfo={
        <body>
          <div
            aria-hidden="true"
            class="MuiDialog-root calendarModal"
            role="presentation"
            style="position: fixed; z-index: 1300; right: 0px; bottom: 0px; top: 0px; left: 0px; visibility: hidden;"
          >
            <div
              aria-hidden="true"
              class="MuiBackdrop-root"
              style="opacity: 0; visibility: hidden;"
            />
            <div
              data-test="sentinelStart"
              tabindex="0"
            />
            <div
              class="MuiDialog-container MuiDialog-scrollPaper"
              role="none presentation"
              style="visibility: hidden; webkit-transform: translateY(768px) translateY(0px); transform: translateY(768px) translateY(0px);"
              tabindex="-1"
            >
              <div
                aria-describedby="alert-dialog-slide-description"
                aria-labelledby="alert-dialog-slide-title"
                class="MuiPaper-root MuiDialog-paper MuiDialog-paperScrollPaper MuiDialog-paperWidthSm MuiPaper-elevation24 MuiPaper-rounded"
                role="dialog"
              >
                <div
                  class="MuiDialogTitle-root"
                  id="alert-dialog-slide-title"
                >
                  <h2
                    class="MuiTypography-root MuiTypography-h6"
                  >
                    <span>
                      Editar evento
                    </span>
                    <button
                      class="MuiButtonBase-root MuiIconButton-root"
                      tabindex="0"
                      type="button"
                    >
                      <span
                        class="MuiIconButton-label"
                      >
                         
                        <span
                          aria-hidden="true"
                          class="material-icons MuiIcon-root"
                        >
                          cancel
                        </span>
                         
                      </span>
                      <span
                        class="MuiTouchRipple-root"
                      />
                    </button>
                  </h2>
                </div>
                <div
                  class="MuiDialogContent-root"
                >
                  <form
                    autocomplete="off"
                    novalidate=""
                  >
                    <div
                      class="MuiFormControl-root MuiTextField-root"
                    >
                      <label
                        class="MuiFormLabel-root MuiInputLabel-root MuiInputLabel-formControl MuiInputLabel-animated MuiInputLabel-shrink MuiFormLabel-filled"
                        data-shrink="true"
                        for="datetime-local"
                        id="datetime-local-label"
                      >
                        Fecha y hora de inicio
                      </label>
                      <div
                        class="MuiInputBase-root MuiInput-root MuiInput-underline MuiInputBase-formControl MuiInput-formControl"
                      >
                        <input
                          aria-invalid="false"
                          class="MuiInputBase-input MuiInput-input"
                          id="datetime-local"
                          name="start"
                          type="datetime-local"
                          value="2020-10-09T14:04:02"
                        />
                      </div>
                      
                    </div>
                    <div
                      class="MuiFormControl-root MuiTextField-root"
                    >
                      <label
                        class="MuiFormLabel-root MuiInputLabel-root MuiInputLabel-formControl MuiInputLabel-animated MuiInputLabel-shrink MuiFormLabel-filled"
                        data-shrink="true"
                        for="datetime-local"
                        id="datetime-local-label"
                      >
                        Fecha y hora final
                      </label>
                      <div
                        class="MuiInputBase-root MuiInput-root MuiInput-underline MuiInputBase-formControl MuiInput-formControl"
                      >
                        <input
                          aria-invalid="false"
                          class="MuiInputBase-input MuiInput-input"
                          id="datetime-local"
                          name="end"
                          type="datetime-local"
                          value="2020-10-09T14:04:02"
                        />
                      </div>
                      
                    </div>
                    <div
                      class="MuiFormControl-root MuiTextField-root"
                    >
                      <label
                        class="MuiFormLabel-root MuiInputLabel-root MuiInputLabel-formControl MuiInputLabel-animated MuiInputLabel-outlined"
                        data-shrink="false"
                        for="outlined-basic"
                        id="outlined-basic-label"
                      >
                        Titulo
                      </label>
                      <div
                        class="MuiInputBase-root MuiOutlinedInput-root MuiInputBase-formControl"
                      >
                        <input
                          aria-invalid="false"
                          class="MuiInputBase-input MuiOutlinedInput-input"
                          id="outlined-basic"
                          name="title"
                          type="text"
                          value=""
                        />
                        <fieldset
                          aria-hidden="true"
                          class="PrivateNotchedOutline-root-1 MuiOutlinedInput-notchedOutline"
                        >
                          <legend
                            class="PrivateNotchedOutline-legendLabelled-3"
                          >
                            <span>
                              Titulo
                            </span>
                          </legend>
                        </fieldset>
                      </div>
                      
                    </div>
                    <div
                      class="MuiFormControl-root MuiTextField-root"
                    >
                      <label
                        class="MuiFormLabel-root MuiInputLabel-root MuiInputLabel-formControl MuiInputLabel-animated MuiInputLabel-outlined"
                        data-shrink="false"
                        for="outlined-multiline-static"
                        id="outlined-multiline-static-label"
                      >
                        Notas
                      </label>
                      <div
                        class="MuiInputBase-root MuiOutlinedInput-root MuiInputBase-formControl MuiInputBase-multiline MuiOutlinedInput-multiline"
                      >
                        <textarea
                          aria-invalid="false"
                          class="MuiInputBase-input MuiOutlinedInput-input MuiInputBase-inputMultiline MuiOutlinedInput-inputMultiline"
                          id="outlined-multiline-static"
                          name="notes"
                          rows="4"
                        />
                        <fieldset
                          aria-hidden="true"
                          class="PrivateNotchedOutline-root-1 MuiOutlinedInput-notchedOutline"
                        >
                          <legend
                            class="PrivateNotchedOutline-legendLabelled-3"
                          >
                            <span>
                              Notas
                            </span>
                          </legend>
                        </fieldset>
                      </div>
                    </div>
                  </form>
                </div>
                <div
                  class="MuiDialogActions-root MuiDialogActions-spacing"
                >
                  <button
                    class="MuiButtonBase-root MuiButton-root MuiButton-text MuiButton-textSecondary"
                    tabindex="0"
                    type="button"
                  >
                    <span
                      class="MuiButton-label"
                    >
                       Eliminar 
                    </span>
                    <span
                      class="MuiTouchRipple-root"
                    />
                  </button>
                  <button
                    class="MuiButtonBase-root MuiButton-root MuiButton-contained btn-primary MuiButton-containedPrimary"
                    tabindex="0"
                    type="button"
                  >
                    <span
                      class="MuiButton-label"
                    >
                       Guardar 
                    </span>
                    <span
                      class="MuiTouchRipple-root"
                    />
                  </button>
                </div>
              </div>
            </div>
            <div
              data-test="sentinelEnd"
              tabindex="0"
            />
          </div>
        </body>
      }
    >
      <div
        className="MuiDialog-root calendarModal"
        onKeyDown={[Function]}
        role="presentation"
        style={
          Object {
            "bottom": 0,
            "left": 0,
            "position": "fixed",
            "right": 0,
            "top": 0,
            "visibility": "hidden",
            "zIndex": 1300,
          }
        }
      >
        <div
          aria-hidden={true}
          className="MuiBackdrop-root"
          onClick={[Function]}
          style={
            Object {
              "opacity": 0,
              "visibility": "hidden",
            }
          }
        />
        Array [
          <div
            data-test="sentinelStart"
            tabIndex={0}
          />,
          <div
            className="MuiDialog-container MuiDialog-scrollPaper"
            onMouseDown={[Function]}
            onMouseUp={[Function]}
            role="none presentation"
            style={
              Object {
                "visibility": "hidden",
              }
            }
            tabIndex="-1"
          >
            <div
              aria-describedby="alert-dialog-slide-description"
              aria-labelledby="alert-dialog-slide-title"
              className="MuiPaper-root MuiDialog-paper MuiDialog-paperScrollPaper MuiDialog-paperWidthSm MuiPaper-elevation24 MuiPaper-rounded"
              role="dialog"
            >
              <div
                className="MuiDialogTitle-root"
                id="alert-dialog-slide-title"
              >
                <h2
                  className="MuiTypography-root MuiTypography-h6"
                >
                  <span>
                    Editar evento
                  </span>
                  <button
                    className="MuiButtonBase-root MuiIconButton-root"
                    disabled={false}
                    onBlur={[Function]}
                    onClick={[Function]}
                    onDragLeave={[Function]}
                    onFocus={[Function]}
                    onKeyDown={[Function]}
                    onKeyUp={[Function]}
                    onMouseDown={[Function]}
                    onMouseLeave={[Function]}
                    onMouseUp={[Function]}
                    onTouchEnd={[Function]}
                    onTouchMove={[Function]}
                    onTouchStart={[Function]}
                    tabIndex={0}
                    type="button"
                  >
                    <span
                      className="MuiIconButton-label"
                    >
                       
                      <span
                        aria-hidden={true}
                        className="material-icons MuiIcon-root"
                      >
                        cancel
                      </span>
                       
                    </span>
                    <span
                      className="MuiTouchRipple-root"
                    />
                  </button>
                </h2>
              </div>
              <div
                className="MuiDialogContent-root"
              >
                <form
                  autoComplete="off"
                  noValidate={true}
                >
                  <div
                    className="MuiFormControl-root MuiTextField-root"
                  >
                    <label
                      className="MuiFormLabel-root MuiInputLabel-root MuiInputLabel-formControl MuiInputLabel-animated MuiInputLabel-shrink MuiFormLabel-filled"
                      data-shrink={true}
                      htmlFor="datetime-local"
                      id="datetime-local-label"
                    >
                      Fecha y hora de inicio
                    </label>
                    <div
                      className="MuiInputBase-root MuiInput-root MuiInput-underline MuiInputBase-formControl MuiInput-formControl"
                      onClick={[Function]}
                    >
                      <input
                        aria-invalid={false}
                        autoFocus={false}
                        className="MuiInputBase-input MuiInput-input"
                        disabled={false}
                        id="datetime-local"
                        name="start"
                        onAnimationStart={[Function]}
                        onBlur={[Function]}
                        onChange={[Function]}
                        onFocus={[Function]}
                        required={false}
                        type="datetime-local"
                        value="2020-10-09T14:04:02"
                      />
                    </div>
                  </div>
                  <div
                    className="MuiFormControl-root MuiTextField-root"
                  >
                    <label
                      className="MuiFormLabel-root MuiInputLabel-root MuiInputLabel-formControl MuiInputLabel-animated MuiInputLabel-shrink MuiFormLabel-filled"
                      data-shrink={true}
                      htmlFor="datetime-local"
                      id="datetime-local-label"
                    >
                      Fecha y hora final
                    </label>
                    <div
                      className="MuiInputBase-root MuiInput-root MuiInput-underline MuiInputBase-formControl MuiInput-formControl"
                      onClick={[Function]}
                    >
                      <input
                        aria-invalid={false}
                        autoFocus={false}
                        className="MuiInputBase-input MuiInput-input"
                        disabled={false}
                        id="datetime-local"
                        name="end"
                        onAnimationStart={[Function]}
                        onBlur={[Function]}
                        onChange={[Function]}
                        onFocus={[Function]}
                        required={false}
                        type="datetime-local"
                        value="2020-10-09T14:04:02"
                      />
                    </div>
                  </div>
                  <div
                    className="MuiFormControl-root MuiTextField-root"
                  >
                    <label
                      className="MuiFormLabel-root MuiInputLabel-root MuiInputLabel-formControl MuiInputLabel-animated MuiInputLabel-outlined"
                      data-shrink={false}
                      htmlFor="outlined-basic"
                      id="outlined-basic-label"
                    >
                      Titulo
                    </label>
                    <div
                      className="MuiInputBase-root MuiOutlinedInput-root MuiInputBase-formControl"
                      onClick={[Function]}
                    >
                      <input
                        aria-invalid={false}
                        autoFocus={false}
                        className="MuiInputBase-input MuiOutlinedInput-input"
                        disabled={false}
                        id="outlined-basic"
                        name="title"
                        onAnimationStart={[Function]}
                        onBlur={[Function]}
                        onChange={[Function]}
                        onFocus={[Function]}
                        required={false}
                        type="text"
                      />
                      <fieldset
                        aria-hidden={true}
                        className="PrivateNotchedOutline-root-1 MuiOutlinedInput-notchedOutline"
                      >
                        <legend
                          className="PrivateNotchedOutline-legendLabelled-3"
                        >
                          <span>
                            Titulo
                          </span>
                        </legend>
                      </fieldset>
                    </div>
                  </div>
                  <div
                    className="MuiFormControl-root MuiTextField-root"
                  >
                    <label
                      className="MuiFormLabel-root MuiInputLabel-root MuiInputLabel-formControl MuiInputLabel-animated MuiInputLabel-outlined"
                      data-shrink={false}
                      htmlFor="outlined-multiline-static"
                      id="outlined-multiline-static-label"
                    >
                      Notas
                    </label>
                    <div
                      className="MuiInputBase-root MuiOutlinedInput-root MuiInputBase-formControl MuiInputBase-multiline MuiOutlinedInput-multiline"
                      onClick={[Function]}
                    >
                      <textarea
                        aria-invalid={false}
                        autoFocus={false}
                        className="MuiInputBase-input MuiOutlinedInput-input MuiInputBase-inputMultiline MuiOutlinedInput-inputMultiline"
                        disabled={false}
                        id="outlined-multiline-static"
                        name="notes"
                        onAnimationStart={[Function]}
                        onBlur={[Function]}
                        onChange={[Function]}
                        onFocus={[Function]}
                        required={false}
                        rows={4}
                      />
                      <fieldset
                        aria-hidden={true}
                        className="PrivateNotchedOutline-root-1 MuiOutlinedInput-notchedOutline"
                      >
                        <legend
                          className="PrivateNotchedOutline-legendLabelled-3"
                        >
                          <span>
                            Notas
                          </span>
                        </legend>
                      </fieldset>
                    </div>
                  </div>
                </form>
              </div>
              <div
                className="MuiDialogActions-root MuiDialogActions-spacing"
              >
                <button
                  className="MuiButtonBase-root MuiButton-root MuiButton-text MuiButton-textSecondary"
                  disabled={false}
                  onBlur={[Function]}
                  onClick={[Function]}
                  onDragLeave={[Function]}
                  onFocus={[Function]}
                  onKeyDown={[Function]}
                  onKeyUp={[Function]}
                  onMouseDown={[Function]}
                  onMouseLeave={[Function]}
                  onMouseUp={[Function]}
                  onTouchEnd={[Function]}
                  onTouchMove={[Function]}
                  onTouchStart={[Function]}
                  tabIndex={0}
                  type="button"
                >
                  <span
                    className="MuiButton-label"
                  >
                     Eliminar 
                  </span>
                  <span
                    className="MuiTouchRipple-root"
                  />
                </button>
                <button
                  className="MuiButtonBase-root MuiButton-root MuiButton-contained btn-primary MuiButton-containedPrimary"
                  disabled={false}
                  onBlur={[Function]}
                  onClick={[Function]}
                  onDragLeave={[Function]}
                  onFocus={[Function]}
                  onKeyDown={[Function]}
                  onKeyUp={[Function]}
                  onMouseDown={[Function]}
                  onMouseLeave={[Function]}
                  onMouseUp={[Function]}
                  onTouchEnd={[Function]}
                  onTouchMove={[Function]}
                  onTouchStart={[Function]}
                  tabIndex={0}
                  type="button"
                >
                  <span
                    className="MuiButton-label"
                  >
                     Guardar 
                  </span>
                  <span
                    className="MuiTouchRipple-root"
                  />
                </button>
              </div>
            </div>
          </div>,
          <div
            data-test="sentinelEnd"
            tabIndex={0}
          />,
        ]
      </div>
    </Portal>
    <button
      aria-label="add"
      className="MuiButtonBase-root MuiFab-root btn-new MuiFab-primary"
      disabled={false}
      onBlur={[Function]}
      onClick={[Function]}
      onDragLeave={[Function]}
      onFocus={[Function]}
      onKeyDown={[Function]}
      onKeyUp={[Function]}
      onMouseDown={[Function]}
      onMouseLeave={[Function]}
      onMouseUp={[Function]}
      onTouchEnd={[Function]}
      onTouchMove={[Function]}
      onTouchStart={[Function]}
      tabIndex={0}
      type="button"
    >
      <span
        className="MuiFab-label"
      >
        <span
          aria-hidden={true}
          className="material-icons MuiIcon-root"
        >
          add
        </span>
      </span>
      <span
        className="MuiTouchRipple-root"
      />
    </button>
  </div>
</div>
`;

exports[`<AppRouter /> testing should show the public route 1`] = `
<div>
  <div
    className="login__wrapper"
  >
    <div
      className="login__box"
      style={
        Object {
          "transform": "translateX(0)",
        }
      }
    >
      <div
        className="login__signin"
      >
        <h1>
          CalendarApp
        </h1>
        <h2
          className="login__title"
        >
          Iniciar Sesión
        </h2>
        <form
          autoComplete="off"
          noValidate={true}
          onSubmit={[Function]}
        >
          <div
            className="MuiFormControl-root MuiTextField-root"
          >
            <label
              className="MuiFormLabel-root MuiInputLabel-root MuiInputLabel-formControl MuiInputLabel-animated MuiInputLabel-shrink MuiInputLabel-outlined MuiFormLabel-filled"
              data-shrink={true}
            >
              Correo electrónico
            </label>
            <div
              className="MuiInputBase-root MuiOutlinedInput-root MuiInputBase-formControl"
              onClick={[Function]}
            >
              <input
                aria-invalid={false}
                autoFocus={false}
                className="MuiInputBase-input MuiOutlinedInput-input"
                disabled={false}
                name="lEmail"
                onAnimationStart={[Function]}
                onBlur={[Function]}
                onChange={[Function]}
                onFocus={[Function]}
                required={false}
                type="email"
                value="davee@gmail.com"
              />
              <fieldset
                aria-hidden={true}
                className="PrivateNotchedOutline-root-1 MuiOutlinedInput-notchedOutline"
              >
                <legend
                  className="PrivateNotchedOutline-legendLabelled-3 PrivateNotchedOutline-legendNotched-4"
                >
                  <span>
                    Correo electrónico
                  </span>
                </legend>
              </fieldset>
            </div>
          </div>
          <div
            className="MuiFormControl-root MuiTextField-root"
          >
            <label
              className="MuiFormLabel-root MuiInputLabel-root MuiInputLabel-formControl MuiInputLabel-animated MuiInputLabel-shrink MuiInputLabel-outlined MuiFormLabel-filled"
              data-shrink={true}
            >
              Contraseña
            </label>
            <div
              className="MuiInputBase-root MuiOutlinedInput-root MuiInputBase-formControl"
              onClick={[Function]}
            >
              <input
                aria-invalid={false}
                autoFocus={false}
                className="MuiInputBase-input MuiOutlinedInput-input"
                disabled={false}
                name="lPwd"
                onAnimationStart={[Function]}
                onBlur={[Function]}
                onChange={[Function]}
                onFocus={[Function]}
                required={false}
                type="password"
                value="dave123"
              />
              <fieldset
                aria-hidden={true}
                className="PrivateNotchedOutline-root-1 MuiOutlinedInput-notchedOutline"
              >
                <legend
                  className="PrivateNotchedOutline-legendLabelled-3 PrivateNotchedOutline-legendNotched-4"
                >
                  <span>
                    Contraseña
                  </span>
                </legend>
              </fieldset>
            </div>
          </div>
          <p
            className="forgout"
          >
            ¿Olvidaste tu contraseña?
          </p>
          <button
            className="MuiButtonBase-root MuiButton-root MuiButton-outlined MuiButton-outlinedPrimary"
            disabled={false}
            onBlur={[Function]}
            onDragLeave={[Function]}
            onFocus={[Function]}
            onKeyDown={[Function]}
            onKeyUp={[Function]}
            onMouseDown={[Function]}
            onMouseLeave={[Function]}
            onMouseUp={[Function]}
            onTouchEnd={[Function]}
            onTouchMove={[Function]}
            onTouchStart={[Function]}
            tabIndex={0}
            type="submit"
          >
            <span
              className="MuiButton-label"
            >
               INGRESAR 
            </span>
            <span
              className="MuiTouchRipple-root"
            />
          </button>
        </form>
      </div>
    </div>
    <div
      className="login__overlay"
      style={
        Object {
          "transform": "translateX(0)",
        }
      }
    >
      <div>
        <h2
          className="login__title"
        >
          ¡Hola Amigo!
        </h2>
        <p>
          Ingresa tus datos personales y comienza tu viaje con nosotros.
        </p>
        <button
          className="MuiButtonBase-root MuiButton-root MuiButton-outlined MuiButton-outlinedPrimary"
          disabled={false}
          onBlur={[Function]}
          onClick={[Function]}
          onDragLeave={[Function]}
          onFocus={[Function]}
          onKeyDown={[Function]}
          onKeyUp={[Function]}
          onMouseDown={[Function]}
          onMouseLeave={[Function]}
          onMouseUp={[Function]}
          onTouchEnd={[Function]}
          onTouchMove={[Function]}
          onTouchStart={[Function]}
          tabIndex={0}
          type="button"
        >
          <span
            className="MuiButton-label"
          >
             REGISTRARSE 
          </span>
          <span
            className="MuiTouchRipple-root"
          />
        </button>
      </div>
    </div>
  </div>
</div>
`;
